
> env-share@0.1.0 build
> next build

Γû▓ Next.js 16.2.2 (Turbopack)
- Environments: .env.local

  Creating an optimized production build ...
Γ£ô Compiled successfully in 7.6s
  Running TypeScript ...
node.exe : Failed to type check.
At line:1 char:1
+ & "C:\nvm4w\nodejs/node.exe" 
"C:\nvm4w\nodejs/node_modules/npm/bin/np ...
+ ~~~~~~~~~~~~~~~~~~~~~~~~~~~~~~~~~~~~~~~~~~~~
~~~~~~~~~~~~~~~~~~~~~~~~~
    + CategoryInfo          : NotSpecified: ( 
   Failed to type check.:String) [], RemoteE  
  xception
    + FullyQualifiedErrorId : NativeCommandEr 
   ror
 

./envdrop-cli/src/index.ts:2:25
Type error: Cannot find module 'commander' or 
its corresponding type declarations.

  [90m1 |[0m #![35m/usr/bin[0m/env node
[31m[1m>[0m [90m2 |[0m [36mimport[0m { 
[33mCommand[0m } [36mfrom[0m 
[32m'commander'[0m;
  [90m  |[0m                         
[31m[1m^[0m
  [90m3 |[0m [36mimport[0m chalk 
[36mfrom[0m [32m'chalk'[0m;
  [90m4 |[0m [36mimport[0m ora 
[36mfrom[0m [32m'ora'[0m;
  [90m5 |[0m [36mimport[0m prompts 
[36mfrom[0m [32m'prompts'[0m;
Next.js build worker exited with code: 1 and 
signal: null
